[debug] [2025-08-01T19:55:23.702Z] ----------------------------------------------------------------------
[debug] [2025-08-01T19:55:23.705Z] Command:       C:\nvm4w\nodejs\node.exe C:\Users\Abraham\AppData\Roaming\npm\node_modules\firebase-tools\lib\bin\firebase.js deploy --only hosting
[debug] [2025-08-01T19:55:23.706Z] CLI Version:   14.11.0
[debug] [2025-08-01T19:55:23.706Z] Platform:      win32
[debug] [2025-08-01T19:55:23.706Z] Node Version:  v20.16.0
[debug] [2025-08-01T19:55:23.706Z] Time:          Fri Aug 01 2025 14:55:23 GMT-0500 (hora de Ecuador)
[debug] [2025-08-01T19:55:23.706Z] ----------------------------------------------------------------------
[debug] 
[debug] [2025-08-01T19:55:23.708Z] >>> [apiv2][query] GET https://firebase-public.firebaseio.com/cli.json [none]
[debug] [2025-08-01T19:55:24.073Z] > command requires scopes: ["email","openid","https://www.googleapis.com/auth/cloudplatformprojects.readonly","https://www.googleapis.com/auth/firebase","https://www.googleapis.com/auth/cloud-platform"]
[debug] [2025-08-01T19:55:24.073Z] > authorizing via signed-in user (livlegalai@gmail.com)
[debug] [2025-08-01T19:55:24.073Z] [iam] checking project gomotors-web for permissions ["firebase.projects.get","firebasehosting.sites.update"]
[debug] [2025-08-01T19:55:24.074Z] Checked if tokens are valid: false, expires at: 1753201959311
[debug] [2025-08-01T19:55:24.074Z] Checked if tokens are valid: false, expires at: 1753201959311
[debug] [2025-08-01T19:55:24.075Z] > refreshing access token with scopes: []
[debug] [2025-08-01T19:55:24.076Z] >>> [apiv2][query] POST https://www.googleapis.com/oauth2/v3/token [none]
[debug] [2025-08-01T19:55:24.076Z] >>> [apiv2][body] POST https://www.googleapis.com/oauth2/v3/token [omitted]
[debug] [2025-08-01T19:55:24.336Z] <<< [apiv2][status] GET https://firebase-public.firebaseio.com/cli.json 200
[debug] [2025-08-01T19:55:24.337Z] <<< [apiv2][body] GET https://firebase-public.firebaseio.com/cli.json {"cloudBuildErrorAfter":1594252800000,"cloudBuildWarnAfter":1590019200000,"defaultNode10After":1594252800000,"minVersion":"3.0.5","node8DeploysDisabledAfter":1613390400000,"node8RuntimeDisabledAfter":1615809600000,"node8WarnAfter":1600128000000}
[debug] [2025-08-01T19:55:24.378Z] <<< [apiv2][status] POST https://www.googleapis.com/oauth2/v3/token 200
[debug] [2025-08-01T19:55:24.378Z] <<< [apiv2][body] POST https://www.googleapis.com/oauth2/v3/token [omitted]
[debug] [2025-08-01T19:55:24.420Z] >>> [apiv2][query] POST https://cloudresourcemanager.googleapis.com/v1/projects/gomotors-web:testIamPermissions [none]
[debug] [2025-08-01T19:55:24.421Z] >>> [apiv2][(partial)header] POST https://cloudresourcemanager.googleapis.com/v1/projects/gomotors-web:testIamPermissions x-goog-quota-user=projects/gomotors-web
[debug] [2025-08-01T19:55:24.421Z] >>> [apiv2][body] POST https://cloudresourcemanager.googleapis.com/v1/projects/gomotors-web:testIamPermissions {"permissions":["firebase.projects.get","firebasehosting.sites.update"]}
[debug] [2025-08-01T19:55:25.131Z] <<< [apiv2][status] POST https://cloudresourcemanager.googleapis.com/v1/projects/gomotors-web:testIamPermissions 200
[debug] [2025-08-01T19:55:25.131Z] <<< [apiv2][body] POST https://cloudresourcemanager.googleapis.com/v1/projects/gomotors-web:testIamPermissions {}
[debug] [2025-08-01T19:55:25.132Z] [iam] error while checking permissions, command may fail: Authorization failed. This account is missing the following required permissions on project gomotors-web:

  firebase.projects.get
  firebasehosting.sites.update
[debug] [2025-08-01T19:55:25.133Z] Checked if tokens are valid: true, expires at: 1754081723378
[debug] [2025-08-01T19:55:25.133Z] Checked if tokens are valid: true, expires at: 1754081723378
[debug] [2025-08-01T19:55:25.133Z] >>> [apiv2][query] GET https://firebase.googleapis.com/v1beta1/projects/gomotors-web [none]
[debug] [2025-08-01T19:55:25.725Z] <<< [apiv2][status] GET https://firebase.googleapis.com/v1beta1/projects/gomotors-web 403
[debug] [2025-08-01T19:55:25.725Z] <<< [apiv2][body] GET https://firebase.googleapis.com/v1beta1/projects/gomotors-web {"error":{"code":403,"message":"The caller does not have permission","status":"PERMISSION_DENIED"}}
[debug] [2025-08-01T19:55:25.727Z] Request to https://firebase.googleapis.com/v1beta1/projects/gomotors-web had HTTP Error: 403, The caller does not have permission
[debug] [2025-08-01T19:55:25.728Z] FirebaseError: Request to https://firebase.googleapis.com/v1beta1/projects/gomotors-web had HTTP Error: 403, The caller does not have permission
    at responseToError (C:\Users\Abraham\AppData\Roaming\npm\node_modules\firebase-tools\lib\responseToError.js:52:12)
    at RetryOperation._fn (C:\Users\Abraham\AppData\Roaming\npm\node_modules\firebase-tools\lib\apiv2.js:312:77)
    at process.processTicksAndRejections (node:internal/process/task_queues:95:5)
[error] 
[error] Error: Failed to get Firebase project gomotors-web. Please make sure the project exists and your account has permission to access it.
